["4 0","4 1","4 2","3 5","3 4","3 3","2 0","2 1","2 2","1 5","1 4","1 3","0 0","0 1","0 2","FIM 49"]